[backblue.gif]
[fade.gif]
[index.html]
[nexverse.co.uk/wp-content/uploads/2023/12/Recruit-Hero-Element.webp]
[nexverse.co.uk/feed/index.html]
[nexverse.co.uk/wp-json/oembed/1.0/embedeab0.json]
[nexverse.co.uk/comments/feed/index.html]
[nexverse.co.uk/wp-json/oembed/1.0/embedf40e]
[nexverse.co.uk/wp-json/index.html]
[nexverse.co.uk/wp-json/wp/v2/pages/1037.json]
[nexverse.co.uk/xmlrpc0db0.php]
[nexverse.co.uk/wp-content/uploads/2024/02/nexverse_solutions_logo.jpeg]
[nexverse.co.uk/wp-content/uploads/2024/01/Black-And-White-Aesthetic-Minimalist-Modern-Simple-Typography-Coconut-Cosmetics-Logo-2-e1704575130352.png]
[nexverse.co.uk/wp-content/uploads/elementor/thumbs/Black-And-White-Aesthetic-Minimalist-Modern-Simple-Typography-Coconut-Cosmetics-Logo-2-1-qim5o5wbf7oxc8198sfcrsmeul6wccokpvssw6aglk.png]
[nexverse.co.uk/wp-content/uploads/elementor/thumbs/web-development-programming-code-app-develop.png]
[nexverse.co.uk/wp-content/uploads/2024/01/AcA2LnWL_400x400.jpg]
[nexverse.co.uk/wp-content/uploads/2024/01/AcA2LnWL_400x400-300x300.jpg]
[nexverse.co.uk/wp-content/uploads/2024/01/AcA2LnWL_400x400-150x150.jpg]
[nexverse.co.uk/wp-content/uploads/2024/01/download.png]
[nexverse.co.uk/wp-content/uploads/2024/01/download-150x150.png]
[nexverse.co.uk/wp-content/uploads/2024/01/node-js-icon-227x256-913nazt0.png]
[nexverse.co.uk/wp-content/uploads/2024/01/apps-figma-icon-2048x2048-ctjj5ab7.png]
[nexverse.co.uk/wp-content/uploads/2024/01/apps-figma-icon-2048x2048-ctjj5ab7-300x300.png]
[nexverse.co.uk/wp-content/uploads/2024/01/apps-figma-icon-2048x2048-ctjj5ab7-1024x1024.png]
[nexverse.co.uk/wp-content/uploads/2024/01/apps-figma-icon-2048x2048-ctjj5ab7-150x150.png]
[nexverse.co.uk/wp-content/uploads/2024/01/apps-figma-icon-2048x2048-ctjj5ab7-768x768.png]
[nexverse.co.uk/wp-content/uploads/2024/01/apps-figma-icon-2048x2048-ctjj5ab7-1536x1536.png]
[nexverse.co.uk/wp-content/uploads/2024/01/apps-figma-icon-2048x2048-ctjj5ab7-650x650.png]
[nexverse.co.uk/wp-content/uploads/2024/01/wordpress-icon.png]
[nexverse.co.uk/wp-content/uploads/2024/01/wordpress-icon-300x300.png]
[nexverse.co.uk/wp-content/uploads/2024/01/wordpress-icon-150x150.png]
[nexverse.co.uk/wp-content/uploads/2024/01/1073595.png]
[nexverse.co.uk/wp-content/uploads/2024/01/1073595-300x300.png]
[nexverse.co.uk/wp-content/uploads/2024/01/1073595-150x150.png]
[nexverse.co.uk/wp-content/uploads/2024/01/SEO-Agency-Shape.webp]
[nexverse.co.uk/wp-content/uploads/2024/01/SEO-Agency-Arrow.webp]
[nexverse.co.uk/wp-content/uploads/2024/01/Black-And-White-Aesthetic-Minimalist-Modern-Simple-Typography-Coconut-Cosmetics-Logo-2-e1704575130352-300x46.png]
[nexverse.co.uk/index.html]
[nexverse.co.uk/wp-content/plugins/bdthemes-element-pack/assets/css/bdt-uikit673e.css]
[nexverse.co.uk/wp-content/plugins/bdthemes-element-pack/assets/css/ep-helperf66a.css]
[nexverse.co.uk/wp-content/plugins/elementor/assets/css/frontend.min4189.css]
[nexverse.co.uk/wp-content/uploads/elementor/css/post-503bf2.css]
[nexverse.co.uk/wp-content/plugins/elementor/assets/lib/animations/styles/zoomIn.min4189.css]
[nexverse.co.uk/wp-content/plugins/elementor/assets/css/widget-image.min4189.css]
[nexverse.co.uk/wp-content/plugins/elementor/assets/css/widget-icon-list.min4189.css]
[nexverse.co.uk/wp-content/plugins/elementor/assets/lib/animations/styles/e-animation-float.min4189.css]
[nexverse.co.uk/wp-content/plugins/elementor/assets/lib/animations/styles/fadeIn.min4189.css]
[nexverse.co.uk/wp-content/plugins/elementor/assets/lib/animations/styles/fadeInRight.min4189.css]
[nexverse.co.uk/wp-content/plugins/elementor/assets/lib/animations/styles/fadeInUp.min4189.css]
[nexverse.co.uk/wp-content/plugins/elementor/assets/css/widget-heading.min4189.css]
[nexverse.co.uk/wp-content/plugins/bdthemes-element-pack/assets/css/ep-advanced-icon-boxf66a.css]
[nexverse.co.uk/wp-content/plugins/elementor/assets/css/widget-spacer.min4189.css]
[nexverse.co.uk/wp-content/plugins/bdthemes-element-pack/assets/css/ep-contact-formf66a.css]
[nexverse.co.uk/wp-content/plugins/elementor/assets/css/widget-icon-box.min4189.css]
[nexverse.co.uk/wp-content/plugins/elementor/assets/lib/animations/styles/fadeInLeft.min4189.css]
[nexverse.co.uk/wp-content/uploads/2024/01/Black-And-White-Aesthetic-Minimalist-Modern-Simple-Typography-Coconut-Cosmetics-Logo-1-2-150x150.png]
[nexverse.co.uk/wp-content/uploads/elementor/css/post-1037142a.css]
[nexverse.co.uk/wp-content/plugins/uicore-framework/assets/fonts/uicore-icons0c4c.woff]
[nexverse.co.uk/wp-content/uploads/uicore-global075f.css]
[nexverse.co.uk/wp-content/plugins/uicore-framework/assets/fonts/themify9f24.eot]
[nexverse.co.uk/wp-content/plugins/uicore-framework/assets/fonts/themifyd41d.eot]
[nexverse.co.uk/wp-content/plugins/uicore-framework/assets/fonts/themify9f24.woff]
[nexverse.co.uk/wp-content/plugins/uicore-framework/assets/fonts/themify9f24.ttf]
[nexverse.co.uk/wp-content/plugins/uicore-framework/assets/fonts/themify-icons8a54.css]
[nexverse.co.uk/wp-includes/js/jquery/jquery.minf43b.js]
[nexverse.co.uk/wp-includes/js/jquery/jquery-migrate.min5589.js]
[nexverse.co.uk/wp-content/plugins/uicore-animate/assets/js/scroll-timeline.html]
[nexverse.co.uk/wp-content/uploads/elementor/thumbs/Lead-Capture-logo-1-qhndhah1bv3jdmgcxz1w24ps30hpdm5tlodmk5c8iw.webp]
[nexverse.co.uk/wp-json/oembed/1.0/embed86e9.json]
[nexverse.co.uk/wp-json/oembed/1.0/embed121f]
[nexverse.co.uk/wp-json/wp/v2/pages/435.json]
[nexverse.co.uk/wp-content/uploads/elementor/thumbs/Lead-Capture-logo-2-qhndhah1bv3jdmgcxz1w24ps30hpdm5tlodmk5c8jg.webp]
[nexverse.co.uk/wp-content/uploads/elementor/thumbs/Lead-Capture-logo-3-qhndhah1bv3jdmgcxz1w24ps30hpdm5tlodmk5c8iw.webp]
[nexverse.co.uk/wp-content/uploads/elementor/thumbs/Lead-Capture-logo-4-qhndhbevip4tp8ezshgimmh8oed2lb9jxt141fauco.webp]
[nexverse.co.uk/wp-content/uploads/elementor/thumbs/Lead-Capture-logo-5-qhndhbevip4tp8ezshgimmh8oed2lb9jxt141fau9m.webp]
[nexverse.co.uk/wp-content/uploads/elementor/thumbs/Lead-Capture-logo-6-qhndhbevip4tp8ezshgimmh8oed2lb9jxt141faug0.webp]
[nexverse.co.uk/wp-content/uploads/elementor/thumbs/Lead-Capture-logo-7-qhndhccppj640udmmzv5748p9s8ft0da9xolip9g8o.webp]
[nexverse.co.uk/wp-content/uploads/elementor/thumbs/Lead-Capture-logo-8-qhndhccppj640udmmzv5748p9s8ft0da9xolip9g84.webp]
[nexverse.co.uk/wp-content/uploads/2024/01/Lead-Capture-Forms-1.png]
[nexverse.co.uk/wp-content/uploads/2024/01/Lead-Capture-Forms-1-275x300.png]
[nexverse.co.uk/wp-content/uploads/2024/01/Lead-Capture-Forms-1-768x837.png]
[nexverse.co.uk/wp-content/uploads/2024/01/Lead-Capture-Forms-1-596x650.png]
[nexverse.co.uk/wp-content/uploads/2024/01/Lead-Capture-Forms-2.png]
[nexverse.co.uk/wp-content/uploads/2024/01/Lead-Capture-Forms-2-300x219.png]
[nexverse.co.uk/wp-content/uploads/2024/01/Lead-Capture-Forms-3.png]
[nexverse.co.uk/wp-content/uploads/2024/01/Lead-Capture-Forms-3-300x219.png]
[nexverse.co.uk/wp-content/uploads/2024/01/Lead-Capture-Invoicing-1.png]
[nexverse.co.uk/wp-content/uploads/2024/01/Lead-Capture-Invoicing-1-300x217.png]
[nexverse.co.uk/wp-content/uploads/2024/01/Lead-Capture-Invoicing-1-1024x740.png]
[nexverse.co.uk/wp-content/uploads/2024/01/Lead-Capture-Invoicing-1-768x555.png]
[nexverse.co.uk/wp-content/uploads/2024/01/Lead-Capture-Invoicing-1-650x470.png]
[nexverse.co.uk/wp-content/uploads/2024/01/Lead-Capture-Invoicing-2.png]
[nexverse.co.uk/wp-content/uploads/2024/01/Lead-Capture-Invoicing-2-300x143.png]
[nexverse.co.uk/wp-content/uploads/2024/01/Lead-Capture-Invoicing-3.png]
[nexverse.co.uk/wp-content/uploads/2024/01/Lead-Capture-Invoicing-3-300x125.png]
[nexverse.co.uk/wp-content/uploads/2024/01/Lead-Capture-Automation-1.png]
[nexverse.co.uk/wp-content/uploads/2024/01/Lead-Capture-Automation-1-276x300.png]
[nexverse.co.uk/wp-content/uploads/2024/01/Lead-Capture-Automation-1-768x836.png]
[nexverse.co.uk/wp-content/uploads/2024/01/Lead-Capture-Automation-1-597x650.png]
[nexverse.co.uk/wp-content/uploads/2024/01/Lead-Capture-Automation-2.png]
[nexverse.co.uk/wp-content/uploads/2024/01/Lead-Capture-Automation-2-300x256.png]
[nexverse.co.uk/wp-content/uploads/2024/01/Lead-Capture-Automation-2-650x555.png]
[nexverse.co.uk/wp-content/uploads/2024/01/Lead-Capture-testimonial-2.webp]
[nexverse.co.uk/wp-content/uploads/2024/01/Lead-Capture-testimonial-2-150x150.webp]
[nexverse.co.uk/wp-content/uploads/2024/01/Lead-Capture-testimonial-3.webp]
[nexverse.co.uk/wp-content/uploads/2024/01/Lead-Capture-testimonial-3-150x150.webp]
[nexverse.co.uk/wp-content/uploads/2024/01/Lead-Capture-testimonial-1.webp]
[nexverse.co.uk/wp-content/uploads/2024/01/Lead-Capture-testimonial-1-150x150.webp]
[nexverse.co.uk/wp-content/uploads/2024/01/Lead-Capture-testimonial-4.webp]
[nexverse.co.uk/wp-content/uploads/2024/01/Lead-Capture-testimonial-4-150x150.webp]
[nexverse.co.uk/wp-content/uploads/2024/01/Lead-Capture-testimonial-5.webp]
[nexverse.co.uk/wp-content/uploads/2024/01/Lead-Capture-testimonial-5-150x150.webp]
[nexverse.co.uk/wp-content/uploads/2024/01/Lead-Capture-testimonial-6.webp]
[nexverse.co.uk/wp-content/uploads/2024/01/Lead-Capture-testimonial-6-150x150.webp]
[nexverse.co.uk/services/index.html]
[nexverse.co.uk/wp-content/uploads/2024/01/Creative-Studio-Works-1.webp]
[nexverse.co.uk/wp-json/oembed/1.0/embed2f1c.json]
[nexverse.co.uk/wp-json/oembed/1.0/embed12c3]
[nexverse.co.uk/wp-json/wp/v2/pages/464.json]
[nexverse.co.uk/wp-content/uploads/2024/01/Creative-Studio-Works-1-300x253.webp]
[nexverse.co.uk/wp-content/uploads/2024/01/Creative-Studio-Works-1-768x649.webp]
[nexverse.co.uk/wp-content/uploads/2024/01/Creative-Studio-Works-1-650x549.webp]
[nexverse.co.uk/wp-content/uploads/2024/01/Creative-Studio-Works-2.webp]
[nexverse.co.uk/wp-content/uploads/2024/01/Creative-Studio-Works-2-300x253.webp]
[nexverse.co.uk/wp-content/uploads/2024/01/Creative-Studio-Works-2-768x649.webp]
[nexverse.co.uk/wp-content/uploads/2024/01/Creative-Studio-Works-2-650x549.webp]
[nexverse.co.uk/wp-content/uploads/2024/01/Creative-Studio-Works-3.webp]
[nexverse.co.uk/wp-content/uploads/2024/01/Creative-Studio-Works-3-300x253.webp]
[nexverse.co.uk/wp-content/uploads/2024/01/Creative-Studio-Works-3-768x649.webp]
[nexverse.co.uk/wp-content/uploads/2024/01/Creative-Studio-Works-3-650x549.webp]
[nexverse.co.uk/case-studies/index.html]
[nexverse.co.uk/wp-content/uploads/2023/12/Recruit-Hero-Image-3.webp]
[nexverse.co.uk/wp-json/oembed/1.0/embed09f3.json]
[nexverse.co.uk/wp-json/oembed/1.0/embed3b5e]
[nexverse.co.uk/wp-content/uploads/2023/12/Recruit-Hero-Image-3-300x152.webp]
[nexverse.co.uk/wp-json/wp/v2/pages/48.json]
[nexverse.co.uk/wp-content/uploads/2023/12/Recruit-Hero-Element-2.webp]
[nexverse.co.uk/wp-content/uploads/2023/12/Recruit-Hero-Element-2-300x274.webp]
[nexverse.co.uk/wp-content/uploads/2023/12/recruit-about-us.webp]
[nexverse.co.uk/wp-content/uploads/2023/12/recruit-about-us-213x300.webp]
[nexverse.co.uk/wp-content/uploads/2023/12/recruit-about-us-461x650.webp]
[nexverse.co.uk/wp-content/uploads/2023/12/Recruit-Hero-Image-2.webp]
[nexverse.co.uk/wp-content/uploads/2023/12/Recruit-Hero-Image-2-295x300.webp]
[nexverse.co.uk/about-us/index.html]
[nexverse.co.uk/wp-json/oembed/1.0/embede0da.json]
[nexverse.co.uk/wp-json/oembed/1.0/embed7777]
[nexverse.co.uk/contact/index.html]
[nexverse.co.uk/wp-content/plugins/bdthemes-element-pack/assets/css/ep-image-hover-effectsf66a.css]
[nexverse.co.uk/wp-content/plugins/uicore-framework/assets/css/elements/highlighted-text58aa.css]
[nexverse.co.uk/wp-content/plugins/elementor/assets/css/widget-social-icons.min4189.css]
[nexverse.co.uk/wp-content/plugins/elementor/assets/css/conditionals/apple-webkit.min4189.css]
[nexverse.co.uk/wp-content/plugins/elementor/assets/js/webpack.runtime.min4189.js]
[nexverse.co.uk/wp-content/plugins/elementor/assets/js/frontend-modules.min4189.js]
[nexverse.co.uk/wp-includes/js/jquery/ui/core.minb37e.js]
[nexverse.co.uk/wp-content/plugins/elementor/assets/js/frontend.min4189.js]
[nexverse.co.uk/wp-content/plugins/bdthemes-element-pack/assets/js/bdt-uikit.min673e.js]
[nexverse.co.uk/wp-content/plugins/bdthemes-element-pack/assets/js/modules/ep-advanced-icon-box.minf66a.js]
[nexverse.co.uk/wp-content/plugins/bdthemes-element-pack/assets/js/modules/ep-contact-form.minf66a.js]
[nexverse.co.uk/wp-content/uploads/uicore-global075f.js]
[nexverse.co.uk/wp-content/plugins/bdthemes-element-pack/assets/vendor/js/anime.mindeae.js]
[nexverse.co.uk/wp-content/plugins/bdthemes-element-pack/assets/js/modules/ep-floating-effects.minf66a.js]
[nexverse.co.uk/wp-content/plugins/bdthemes-element-pack/assets/js/modules/ep-background-overlay.minf66a.js]
[nexverse.co.uk/wp-content/plugins/bdthemes-element-pack/assets/js/modules/ep-section-sticky.minf66a.js]
[nexverse.co.uk/wp-content/plugins/bdthemes-element-pack/assets/js/common/helper.minf66a.js]
[nexverse.co.uk/wp-content/plugins/bdthemes-element-pack/images/backgrounds/divider-icon.html]
[nexverse.co.uk/wp-content/plugins/bdthemes-element-pack/images/backgrounds/list-bullet.html]
[nexverse.co.uk/wp-content/plugins/bdthemes-element-pack/images/backgrounds/form-datalist.html]
[nexverse.co.uk/wp-content/plugins/bdthemes-element-pack/assets/images/loading.svg]
[nexverse.co.uk/wp-content/img/select-arrow.html]
[nexverse.co.uk/wp-content/plugins/uicore-framework/assets/fonts/themify9f24.svg]
[nexverse.co.uk/wp-content/plugins/elementor/assets/lib/swiper/v8/css/swiper.min94a4.css]
[nexverse.co.uk/wp-content/plugins/elementor/assets/css/conditionals/e-swiper.min4189.css]
[nexverse.co.uk/wp-content/plugins/elementor/assets/css/widget-image-carousel.min4189.css]
[nexverse.co.uk/wp-content/plugins/bdthemes-element-pack/assets/css/ep-switcherf66a.css]
[nexverse.co.uk/wp-content/plugins/elementor/assets/css/widget-divider.min4189.css]
[nexverse.co.uk/wp-json/wp/v2/pages/46.json]
[nexverse.co.uk/wp-content/plugins/bdthemes-element-pack/assets/fonts/element-packf7b4.woff2]
[nexverse.co.uk/wp-content/plugins/bdthemes-element-pack/assets/fonts/element-packf7b4.ttf]
[nexverse.co.uk/wp-content/plugins/bdthemes-element-pack/assets/fonts/element-packf7b4.woff]
[nexverse.co.uk/wp-content/plugins/bdthemes-element-pack/assets/css/ep-fontf66a.css]
[nexverse.co.uk/wp-content/plugins/bdthemes-element-pack/assets/css/ep-review-card-carouself66a.css]
[nexverse.co.uk/wp-content/uploads/2024/01/Lead-Capture-CTA.webp]
[nexverse.co.uk/wp-content/uploads/elementor/css/post-435706c.css]
[nexverse.co.uk/index6205.html]
[nexverse.co.uk/wp-content/plugins/elementor/assets/lib/swiper/v8/swiper.min94a4.js]
[nexverse.co.uk/wp-content/plugins/bdthemes-element-pack/assets/js/modules/ep-switcher.minf66a.js]
[nexverse.co.uk/wp-content/plugins/bdthemes-element-pack/assets/js/modules/ep-review-card-carousel.minf66a.js]
[nexverse.co.uk/wp-content/uploads/elementor/css/post-464eb12.css]
[nexverse.co.uk/indexa260.html]
[nexverse.co.uk/wp-content/uploads/elementor/css/post-48258a.css]
[nexverse.co.uk/index94b0.html]
[nexverse.co.uk/wp-content/plugins/bdthemes-element-pack/assets/js/modules/ep-parallax-effects.minf66a.js]
[nexverse.co.uk/wp-content/plugins/elementor/assets/lib/animations/styles/fadeInDown.min4189.css]
[nexverse.co.uk/wp-content/uploads/elementor/css/post-4605ad.css]
[nexverse.co.uk/index7ea6.html]
[nexverse.co.uk/OPR/index.html]
[nexverse.co.uk/wp-content/plugins/bdthemes-element-pack/assets/fonts/element-packf7b4.svg]
[nexverse.co.uk/services/l.html]
[nexverse.co.uk/services/e.html]
[nexverse.co.uk/services/t.params.url.html]
